{
  "regions": [
    "builtin",
    "village",
    "east",
    "west",
    "north",
    "grim",
    "far",
    "farm",
    "craft",
    "fusion",
    "travel",
    "elev",
    "ui",
    "story",
    "debug"
  ],
  "ids": [
    [
      [],
      [],
      [],
      [],
      [
        "QUEST_NONE_ID"
      ],
      [
        "LORE_CONTROLS",
        "LORE_LOREBOOK",
        "LORE_BOUTS",
        "LORE_BEFRIENDING",
        "LORE_TYPE_CHART",
        "LORE_STATUS",
        "LORE_SHELF",
        "LORE_CODE",
        "LORE_TEMPERAMENT",
        "LORE_POTENTIAL",
        "LORE_LUSTRE",
        "LORE_BOND",
        "LORE_SUPPLIES",
        "LORE_HUSH_BELL",
        "LORE_KINSHIP",
        "LORE_KINDLING",
        "LORE_RING_SASH",
        "LORE_ANSWER_BRIM",
        "LORE_PARENTS",
        "LORE_OPEN_DOOR",
        "LORE_PRIMER",
        "LORE_KERNEL",
        "LORE_PUMPING",
        "LORE_DOZING",
        "LORE_TONICS",
        "LORE_FOXFIRE",
        "LORE_POLARITONS",
        "LORE_BOSONS",
        "LORE_CONDENSATES",
        "LORE_SUPERSOLIDS",
        "LORE_HEARTGLASS",
        "LORE_KIN_CHOOSE",
        "LORE_SHEDDING",
        "LORE_NO_COPIES",
        "LORE_TWIN_CRYSTALS",
        "LORE_Q_FACTOR",
        "LORE_DECOHERENCE",
        "LORE_QUANTUM_MEMORY",
        "LORE_SPEED_LIMIT",
        "LORE_PUMP_BANDS",
        "LORE_TYPE_BLAZE_BEAST",
        "LORE_TYPE_TIDE_SPARK",
        "LORE_TYPE_BLOOM_STONE",
        "LORE_TYPE_GALE_SWARM",
        "LORE_TYPE_FROST",
        "LORE_TYPE_VENOM",
        "LORE_TYPE_DREAM_BRAWL",
        "LORE_TYPE_DUSK",
        "LORE_TYPE_WYRM",
        "LORE_GROWING",
        "LORE_SHARDS",
        "LORE_SUPERCOOLED",
        "LORE_GROWTH_PAPER",
        "LORE_RAIN",
        "LORE_LIGHTNING",
        "LORE_PRESSURE",
        "LORE_STORM_SIGNS",
        "LORE_CLEAR_SKIES",
        "LORE_BURNING_YEARS",
        "LORE_DROWNED_VALLEYS",
        "LORE_DRAKORA",
        "LORE_FIRST_OATH",
        "LORE_SKIES_GRUMBLE",
        "LORE_MARSH_LIGHTS",
        "LORE_RIVER_DRAKE",
        "LORE_STORM_RHYME",
        "LORE_LAST_ANSWER",
        "LORE_MAPLE_VILLAGE",
        "LORE_HEARTHS",
        "LORE_BOUT_RING",
        "LORE_STORMSTONE_RISE",
        "LORE_ALMANAC",
        "LORE_WHISPER_MEADOW",
        "LORE_BRAMBLEWOOD",
        "LORE_MIRROR_LAKE"
      ]
    ],
    [
      [
        "MAP_TOWN",
        "MAP_HOME",
        "MAP_BAKERY",
        "MAP_LAB",
        "MAP_SHOP",
        "MAP_REST",
        "MAP_GARDEN",
        "MAP_MEADOW",
        "MAP_RISE",
        "MAP_WOOD",
        "MAP_LAKE",
        "MAP_CABIN",
        "MAP_STATION"
      ],
      [
        "FLAG_STARTER",
        "FLAG_LEAF_STONE",
        "FLAG_BAKER_GIFT",
        "FLAG_KID_GIFT",
        "FLAG_INTRO",
        "FLAG_NOTE",
        "FLAG_SASH",
        "FLAG_STORM_TOLD",
        "FLAG_STORM_CALMED",
        "FLAG_DRAKORA_JOINED",
        "FLAG_TWIN_CRYSTAL",
        "FLAG_GRAN_GIFT",
        "FLAG_PIP_GIFT",
        "FLAG_VASS_GIFT",
        "FLAG_HERMIT_GIFT",
        "FLAG_WOODWARD_GIFT",
        "FLAG_RING_WON_ONCE"
      ],
      [
        "village:0",
        "village:1",
        "village:2",
        "village:3",
        "village:4",
        "village:5",
        "village:6",
        "village:7",
        "village:8",
        "village:9",
        "village:10",
        "village:11",
        "village:12",
        "village:13",
        "village:14",
        "village:15",
        "village:16",
        "village:17",
        "village:18"
      ],
      [
        "TR_LUCA",
        "TR_MAE",
        "TR_IDA",
        "TR_FERN",
        "TR_KAI",
        "TR_ORLA",
        "TR_BRIN",
        "TR_SELA",
        "TR_TOMAS",
        "TR_MARLO"
      ],
      [],
      []
    ],
    [
      [
        "MAP_COPPERLINE",
        "MAP_LUMEN",
        "MAP_ELDERWOOD",
        "MAP_LAND_OFFICE",
        "MAP_LUMEN_HEARTH",
        "MAP_LUMEN_MARKET",
        "MAP_VOLT_HALL",
        "MAP_RESONANCE_WORKS",
        "MAP_BIKE_SHOP",
        "MAP_LUMEN_HOUSE",
        "MAP_CLOCKWORK_SPIRE",
        "MAP_LUMEN_INN",
        "MAP_LUMEN_HOUSE_B",
        "MAP_BROOKMILL_TRAIL",
        "MAP_BROOKMILL",
        "MAP_BROOKMILL_MILL",
        "MAP_BROOKMILL_HOUSE",
        "MAP_BROOKMILL_REST",
        "MAP_COPPER_MINE"
      ],
      [
        "FLAG_VOLT_CREST",
        "FLAG_MINER_GIFT",
        "FLAG_GROVE_GIFT",
        "FLAG_TINKER_GIFT",
        "FLAG_FEN_RIVETS",
        "FLAG_BROOK_LIGHT_CACHE",
        "FLAG_MINE_LIGHT_CACHE",
        "FLAG_RIVET_BUNDLE"
      ],
      [
        "east:0",
        "east:1",
        "east:2",
        "east:3",
        "east:4",
        "east:5",
        "east:6",
        "east:7",
        "east:8",
        "east:9",
        "east:10",
        "east:11",
        "east:12",
        "east:13",
        "east:14",
        "east:15",
        "east:16",
        "east:17",
        "east:18",
        "east:19",
        "east:20",
        "east:21"
      ],
      [
        "TR_DUNN",
        "TR_PIA",
        "TR_ROSS",
        "TR_JUNO",
        "TR_ARLO",
        "TR_IONE",
        "TR_CORRIN",
        "TR_LUX",
        "TR_BRISK",
        "TR_FARA",
        "TR_SORREL",
        "TR_BRAN",
        "TR_COGSWORTH",
        "TR_BESS",
        "TR_OAK",
        "TR_ASH",
        "TR_TAM",
        "TR_ROLF",
        "TR_HOLT_EXHIBITION",
        "TR_MINE_BOSS"
      ],
      [
        "QUEST_BIKE_ERRAND",
        "QUEST_VOLT_HALL",
        "QUEST_GRIST_WHEEL",
        "QUEST_KOIRIN_SONG"
      ],
      [
        "LORE_COPPERLINE",
        "LORE_MAGNETITE",
        "LORE_LUMEN_CITY",
        "LORE_LUMEN_BEACON",
        "LORE_CITY_LAMPS",
        "LORE_DYNAMOS",
        "LORE_VOLT_HALL",
        "LORE_VOLT_CREST",
        "LORE_ELDERWOOD",
        "LORE_SYLVARCH",
        "LORE_CLOCKWORK_SPIRE",
        "LORE_HOROLOGOS",
        "LORE_BROOK_TOLL",
        "LORE_BROOK_HERONS",
        "LORE_BROOK_WHEEL",
        "LORE_BROOK_SONG",
        "LORE_COPPER_RUSH"
      ]
    ],
    [
      [
        "MAP_SALTWIND",
        "MAP_PORT_BRINE",
        "MAP_SEA_ROUTE",
        "MAP_GULL_ISLE",
        "MAP_BRINE_HEARTH",
        "MAP_BRINE_SHOP",
        "MAP_CURRENT_HALL",
        "MAP_HARBOR_OFFICE",
        "MAP_BRINE_INN",
        "MAP_GULL_HOUSE",
        "MAP_DROWNED_BELL",
        "MAP_BRINE_HOUSE",
        "MAP_HERON_FEN",
        "MAP_REEDWICK",
        "MAP_REED_HEARTH",
        "MAP_REED_SHOP",
        "MAP_REED_TUNNEL",
        "MAP_FEN_HERMIT"
      ],
      [
        "FLAG_TIDE_CREST",
        "FLAG_POST_INN",
        "FLAG_POST_SKIPPER",
        "FLAG_POST_HALL",
        "FLAG_SALT_GIFT",
        "FLAG_WEST_ROCKPOOL"
      ],
      [
        "west:0",
        "west:1",
        "west:2",
        "west:3",
        "west:4",
        "west:5",
        "west:6",
        "west:7",
        "west:8",
        "west:9",
        "west:10",
        "west:11",
        "west:12",
        "west:13",
        "west:14",
        "west:15",
        "west:16",
        "west:17",
        "west:18",
        "west:19",
        "west:20",
        "west:21"
      ],
      [
        "TR_WEST_NILS",
        "TR_WEST_PERLA",
        "TR_WEST_DUNE",
        "TR_WEST_CORRIE",
        "TR_WEST_SKIM",
        "TR_WEST_MARISOL",
        "TR_WEST_BRAM",
        "TR_WEST_TANSY",
        "TR_WEST_OKE",
        "TR_HALL_RILL",
        "TR_HALL_EDDY",
        "TR_HALL_WAVE",
        "TR_MAREN",
        "TR_FEN_TEASER",
        "TR_FEN_BIRDER",
        "TR_FEN_REED_A",
        "TR_FEN_REED_B",
        "TR_FEN_FISHER",
        "TR_FEN_WISP",
        "TR_REED_BOAT",
        "TR_REED_SMOKER"
      ],
      [
        "QUEST_HARBOR_POST",
        "QUEST_ISLE_SALT",
        "QUEST_REED_ROOF"
      ],
      [
        "LORE_SALTWIND",
        "LORE_PORT_BRINE",
        "LORE_TIDES",
        "LORE_LIGHTHOUSE",
        "LORE_CURRENT_HALL",
        "LORE_TIDE_CREST",
        "LORE_GULL_ISLE",
        "LORE_GLOWING_SEA",
        "LORE_NOCTHALE",
        "LORE_DROWNED_BELL",
        "LORE_SEABIRDS",
        "LORE_REEDWICK",
        "LORE_FEN_WISPS",
        "LORE_SALT_CACHE"
      ]
    ],
    [
      [
        "MAP_FROSTPINE",
        "MAP_FROSTHOLLOW",
        "MAP_WHITECROWN",
        "MAP_SKY_ISLE",
        "MAP_FROST_HEARTH",
        "MAP_FROST_SHOP",
        "MAP_RIME_HALL",
        "MAP_HOT_SPRING",
        "MAP_GLIMMER_1",
        "MAP_GLIMMER_2",
        "MAP_STARFALL",
        "MAP_FROST_HOUSE",
        "MAP_STARGAZER",
        "MAP_FOOTHILLS",
        "MAP_TIMBERLINE",
        "MAP_TIMBER_LODGE",
        "MAP_TIMBER_SAWMILL",
        "MAP_STORM_CAVE"
      ],
      [
        "FLAG_RIME_CREST",
        "FLAG_ALDER_GIFT",
        "FLAG_TIMBER_AXE"
      ],
      [
        "north:0",
        "north:1",
        "north:2",
        "north:3",
        "north:4",
        "north:5",
        "north:6",
        "north:7",
        "north:8",
        "north:9",
        "north:10",
        "north:11",
        "north:12",
        "north:13",
        "north:14",
        "north:15",
        "north:16",
        "north:17",
        "north:18",
        "north:19",
        "north:20",
        "north:21",
        "north:22",
        "north:23"
      ],
      [
        "TR_N_BRYN",
        "TR_N_ODA",
        "TR_N_TOVE",
        "TR_N_ASKEL",
        "TR_N_RUNA",
        "TR_N_EINAR",
        "TR_N_PELL",
        "TR_N_NESSA",
        "TR_N_ORRIN",
        "TR_N_VIGGO",
        "TR_N_LIV",
        "TR_N_SOREN",
        "TR_N_ASTA",
        "TR_N_KJELL",
        "TR_N_FRIDA",
        "TR_N_TORVALD",
        "TR_N_SIGRUN",
        "TR_N_HIKER_1",
        "TR_N_HIKER_2",
        "TR_N_GUIDE",
        "TR_N_CLIMBER_1",
        "TR_N_CLIMBER_2",
        "TR_N_WATCHER",
        "TR_N_SCREE",
        "TR_N_LOGGER_1",
        "TR_N_LOGGER_2"
      ],
      [
        "QUEST_GLOWCAPS",
        "QUEST_STAR_CHART",
        "QUEST_LOST_AXE"
      ],
      [
        "LORE_FROSTPINE",
        "LORE_FROSTHOLLOW",
        "LORE_GLIMMER",
        "LORE_HOT_SPRINGS",
        "LORE_RIME_HALL",
        "LORE_RIME_CREST",
        "LORE_HOARFANG",
        "LORE_SELENOTH",
        "LORE_SKYLORN",
        "LORE_AURORA",
        "LORE_SNOWFLAKES",
        "LORE_WINTER_COATS",
        "LORE_FROST_GOODS",
        "LORE_STORMSTEP",
        "LORE_STORM_CALM",
        "LORE_TIMBERLINE",
        "LORE_TIMBER_AURORA"
      ]
    ],
    [
      [
        "MAP_ASHEN_FIELDS",
        "MAP_GRAVEWOOD",
        "MAP_DUSKMERE",
        "MAP_DUSK_HEARTH",
        "MAP_DUSK_SHOP",
        "MAP_APOTHECARY",
        "MAP_LANTERN_CRYPT",
        "MAP_OSSUARY_1",
        "MAP_OSSUARY_2",
        "MAP_BONE_THRONE",
        "MAP_DUSK_HOUSE",
        "MAP_ACCORD_GATE",
        "MAP_HOLLOW_DOWNS",
        "MAP_WAYCHAPEL",
        "MAP_BARROW_A",
        "MAP_BARROW_B"
      ],
      [
        "FLAG_ASH_TOLD",
        "FLAG_SURVEYOR_GIFT",
        "FLAG_ASHFARMER_DONE",
        "FLAG_SEXTON_GIFT",
        "FLAG_LETTER_TAKEN",
        "FLAG_LETTER_GIVEN",
        "FLAG_BELL_GIFT",
        "FLAG_LANTERN_CREST",
        "FLAG_OSSUARY_OPEN",
        "FLAG_OSSUREX_MET",
        "FLAG_OSSUREX_ANSWERED",
        "FLAG_OSSUREX_JOINED",
        "FLAG_ASH_HEALED_TOLD",
        "FLAG_VIGIL_GIFT",
        "FLAG_CANDLES_REWARD",
        "FLAG_CANDLE_A",
        "FLAG_CANDLE_B",
        "FLAG_CANDLE_CAIRN"
      ],
      [
        "grim:0",
        "grim:1",
        "grim:2",
        "grim:3",
        "grim:4",
        "grim:5",
        "grim:6",
        "grim:7",
        "grim:8",
        "grim:9",
        "grim:10",
        "grim:11",
        "grim:12",
        "grim:13",
        "grim:14",
        "grim:15",
        "grim:16",
        "grim:17",
        "grim:18",
        "grim:19",
        "grim:20",
        "grim:21",
        "grim:22"
      ],
      [
        "TR_ROOK",
        "TR_PENN",
        "TR_IVO",
        "TR_ODA",
        "TR_FENWICK",
        "TR_MAB",
        "TR_LUMA",
        "TR_TOBIN",
        "TR_SABLE",
        "TR_MORWEN",
        "TR_CORVIN",
        "TR_ELSPETH",
        "TR_GRIMSBY",
        "TR_HESTER",
        "TR_AUDRA_PATROL",
        "TR_DIGGER",
        "TR_PILGRIM_A",
        "TR_PILGRIM_B",
        "TR_CUTTER",
        "TR_DOWNS_WATCH"
      ],
      [
        "QUEST_HOLLOWING",
        "QUEST_ASH_LANTERN",
        "QUEST_MIRE_LETTER",
        "QUEST_BARROW_CANDLES"
      ],
      [
        "LORE_HOLLOWING",
        "LORE_ASHEN_MARCH",
        "LORE_THE_BURNING",
        "LORE_PUMPKIN_LIGHTS",
        "LORE_TYPE_HOLLOW",
        "LORE_GRAVEWOOD",
        "LORE_BOG_BODIES",
        "LORE_DUSKMERE",
        "LORE_LANTERN_CRYPT",
        "LORE_WARDENS_ACCORD",
        "LORE_VIGIL",
        "LORE_OSSUREX",
        "LORE_ASH_GREEN",
        "LORE_HOLLOW_DOWNS",
        "LORE_KINSHIP_VOW"
      ]
    ],
    [
      [
        "MAP_CINDER_ROAD",
        "MAP_CINDERMOOR",
        "MAP_MOONVEIL",
        "MAP_DREAMSPIRE",
        "MAP_CINDER_HEARTH",
        "MAP_CINDER_SHOP",
        "MAP_FORGE",
        "MAP_ANVIL_HALL",
        "MAP_EMBER_TUNNEL",
        "MAP_CALDERA",
        "MAP_DREAM_HEARTH",
        "MAP_DREAM_SHOP",
        "MAP_MIRROR_HALL",
        "MAP_DUST_LIBRARY",
        "MAP_CINDER_CROSSING",
        "MAP_RAILHEAD",
        "MAP_RAILHEAD_BUNK",
        "MAP_RAILHEAD_OFFICE",
        "MAP_RAILHEAD_SHAFT",
        "MAP_MISTFEN",
        "MAP_PILGRIM_REST"
      ],
      [
        "FLAG_CREST_ANVIL",
        "FLAG_CREST_DREAM",
        "FLAG_VERSE_1",
        "FLAG_VERSE_2",
        "FLAG_VERSE_3",
        "FLAG_FAR_MINER_GIFT",
        "FLAG_STARGAZER_GIFT"
      ],
      [
        "far:0",
        "far:1",
        "far:2",
        "far:3",
        "far:4",
        "far:5",
        "far:6",
        "far:7",
        "far:8",
        "far:9",
        "far:10",
        "far:11",
        "far:12",
        "far:13",
        "far:14",
        "far:15",
        "far:16",
        "far:17",
        "far:18",
        "far:19",
        "far:20",
        "far:21",
        "far:22",
        "far:23"
      ],
      [
        "TR_CR_OSKAR",
        "TR_CR_MINA",
        "TR_CR_BRAND",
        "TR_ET_DELVE",
        "TR_ET_ASHA",
        "TR_AH_TOMAS",
        "TR_AH_IRIS",
        "TR_AH_KORR",
        "TR_MASTER_BRONWEN",
        "TR_MV_LUNA",
        "TR_MV_ORIN",
        "TR_MV_SELA",
        "TR_MH_NELL",
        "TR_MH_PERRIN",
        "TR_MH_OPAL",
        "TR_MASTER_VESPER",
        "TR_DL_QUILL",
        "TR_CC_SURVEYOR",
        "TR_CC_SPA_A",
        "TR_CC_SPA_B",
        "TR_CC_RAIL",
        "TR_CC_GEO",
        "TR_CC_GUARD",
        "TR_RH_HOB",
        "TR_RH_TESS",
        "TR_MF_PILGRIM",
        "TR_MF_SCHOLAR",
        "TR_MF_TWIN_A",
        "TR_MF_TWIN_B",
        "TR_MF_WISP",
        "TR_MF_GUARD"
      ],
      [
        "QUEST_IRON_BELL",
        "QUEST_DRIFTING_VERSES"
      ],
      [
        "LORE_CINDERMOOR",
        "LORE_CALDERON",
        "LORE_CINDER_ROAD",
        "LORE_BASALT_GLASS",
        "LORE_TYPE_METAL",
        "LORE_FORGING",
        "LORE_ANVIL_HALL",
        "LORE_EMBER_TUNNEL",
        "LORE_MOONVEIL",
        "LORE_DREAMSPIRE",
        "LORE_DREAM_FIELDS",
        "LORE_MIRROR_HALL",
        "LORE_DUST_LIBRARY",
        "LORE_SCRIPTORA"
      ]
    ],
    [
      [
        "MAP_WILLOW_ACRE",
        "MAP_FARMHOUSE"
      ],
      [],
      [],
      [],
      [
        "QUEST_REEVE_BERRIES"
      ],
      [
        "LORE_WILLOW_ACRE",
        "LORE_SOIL_WATER",
        "LORE_SHIPPING",
        "LORE_FERTILISER",
        "LORE_FARMHANDS",
        "LORE_FRUIT_TREES",
        "LORE_DAY_NIGHT"
      ]
    ],
    [
      [],
      [],
      [],
      [],
      [],
      [
        "LORE_CRAFT_MAILLARD",
        "LORE_CRAFT_MEALS",
        "LORE_CRAFT_CANDY",
        "LORE_CRAFT_ENZYMES",
        "LORE_CRAFT_BUBBLES",
        "LORE_CRAFT_ANNEALING",
        "LORE_CRAFT_QUENCH"
      ]
    ],
    [
      [],
      [],
      [],
      [],
      [],
      [
        "LORE_RESONANCE_WORKS",
        "LORE_TYPED_ENERGY",
        "LORE_TUNING",
        "LORE_FUSION_LOOM",
        "LORE_SIGNATURES",
        "LORE_UNBINDING",
        "LORE_MIX_TABLE",
        "LORE_LOOM_ODDS",
        "LORE_WOVEN_KIN"
      ]
    ],
    [
      [
        "MAP_TT_SHORE",
        "MAP_TT_ICE",
        "MAP_TT_HALL",
        "MAP_TT_DARK"
      ],
      [],
      [
        "travel:0",
        "travel:1"
      ],
      [],
      [],
      []
    ],
    [
      [
        "MAP_EV_TEST"
      ],
      [],
      [
        "elev:0",
        "elev:1"
      ],
      [],
      [],
      []
    ],
    [
      [],
      [],
      [],
      [],
      [],
      []
    ],
    [
      [],
      [
        "FLAG_STORY_WIRE_HOME",
        "FLAG_STORY_WIRE_VOLT",
        "FLAG_STORY_WIRE_TIDE",
        "FLAG_STORY_WIRE_ANVIL",
        "FLAG_STORY_WIRE_RIME",
        "FLAG_STORY_WIRE_LANTERN",
        "FLAG_STORY_WIRE_DREAM",
        "FLAG_SORREL_STARTER_FIRE",
        "FLAG_SORREL_STARTER_WATER",
        "FLAG_SORREL_STARTER_LEAF",
        "FLAG_SORREL_MAPLE",
        "FLAG_SORREL_MEADOW",
        "FLAG_SORREL_BROOKMILL",
        "FLAG_SORREL_HARBOUR",
        "FLAG_SORREL_TEAMUP",
        "FLAG_SORREL_LANTERN",
        "FLAG_SORREL_FINALE",
        "FLAG_STILL_LUMEN",
        "FLAG_STILL_SALTWIND",
        "FLAG_STILL_EMBER",
        "FLAG_STILL_GLIMMER",
        "FLAG_STILL_BARROW"
      ],
      [],
      [
        "TR_SORREL_MAPLE",
        "TR_SORREL_MEADOW",
        "TR_SORREL_BROOKMILL",
        "TR_SORREL_HARBOUR",
        "TR_SORREL_FINALE",
        "TR_STILL_LUMEN",
        "TR_STILL_SALTWIND",
        "TR_STILL_EMBER",
        "TR_STILL_GLIMMER",
        "TR_STILL_VESTA"
      ],
      [],
      []
    ],
    [
      [
        "MAP_VIEW_TOWN_1",
        "MAP_VIEW_TOWN_2",
        "MAP_VIEW_TOWN_3",
        "MAP_VIEW_WILD_1",
        "MAP_VIEW_WILD_2",
        "MAP_VIEW_WILD_3",
        "MAP_VIEW_INTERIOR_1",
        "MAP_VIEW_INTERIOR_2",
        "MAP_VIEW_CITY_1",
        "MAP_VIEW_CITY_2",
        "MAP_VIEW_CITY_3",
        "MAP_VIEW_COAST_1",
        "MAP_VIEW_COAST_2",
        "MAP_VIEW_COAST_3",
        "MAP_VIEW_COAST_4",
        "MAP_VIEW_COAST_5",
        "MAP_VIEW_SNOW_1",
        "MAP_VIEW_SNOW_2",
        "MAP_VIEW_SNOW_3",
        "MAP_VIEW_SNOW_4",
        "MAP_VIEW_SNOW_5",
        "MAP_VIEW_CAVE_1",
        "MAP_VIEW_GRIM_1",
        "MAP_VIEW_GRIM_2",
        "MAP_VIEW_GRIM_3",
        "MAP_VIEW_CRYPT_1",
        "MAP_VIEW_VOLCANIC_1",
        "MAP_VIEW_VOLCANIC_2",
        "MAP_VIEW_DREAM_1",
        "MAP_VIEW_FARM_1",
        "MAP_VIEW_FARM_2",
        "MAP_VIEW_FARM_3",
        "MAP_VIEW_FARM_4",
        "MAP_VIEW_FARM_5",
        "MAP_VIEW_FARM_6",
        "MAP_VIEW_FARM_7",
        "MAP_VIEW_FARM_8",
        "MAP_VIEW_FARM_9",
        "MAP_VIEW_FARM_10",
        "MAP_VIEW_FARM_11",
        "MAP_VIEW_FARM_12",
        "MAP_VIEW_FARM_13",
        "MAP_VIEW_FARM_14",
        "MAP_VIEW_FARM_15",
        "MAP_VIEW_FARM_16",
        "MAP_VIEW_FARM_17",
        "MAP_VIEW_FARM_18",
        "MAP_VIEW_FARM_19",
        "MAP_VIEW_FARM_20",
        "MAP_VIEW_FARM_21",
        "MAP_VIEW_FARM_22",
        "MAP_VIEW_FARM_23",
        "MAP_VIEW_FARM_24",
        "MAP_VIEW_FARM_25",
        "MAP_VIEW_TIDE_1"
      ],
      [],
      [],
      [],
      [],
      []
    ]
  ],
  "map_bits": [
    [
      0,
      1
    ],
    [
      0,
      0
    ],
    [
      0,
      0
    ],
    [
      0,
      0
    ],
    [
      0,
      0
    ],
    [
      0,
      0
    ],
    [
      0,
      0
    ],
    [
      0,
      0
    ],
    [
      0,
      0
    ],
    [
      0,
      0
    ],
    [
      0,
      0
    ],
    [
      0,
      0
    ],
    [
      0,
      0
    ],
    [
      0,
      0
    ],
    [
      0,
      2
    ],
    [
      1,
      0
    ],
    [
      0,
      0
    ],
    [
      0,
      0
    ],
    [
      0,
      0
    ],
    [
      0,
      0
    ],
    [
      0,
      0
    ],
    [
      0,
      0
    ],
    [
      0,
      0
    ],
    [
      1,
      0
    ],
    [
      0,
      0
    ],
    [
      0,
      0
    ],
    [
      0,
      0
    ],
    [
      0,
      1
    ],
    [
      0,
      0
    ],
    [
      0,
      1
    ],
    [
      0,
      0
    ],
    [
      0,
      0
    ],
    [
      0,
      0
    ],
    [
      0,
      0
    ],
    [
      0,
      0
    ],
    [
      0,
      0
    ],
    [
      1,
      0
    ],
    [
      0,
      0
    ],
    [
      0,
      0
    ],
    [
      0,
      2
    ],
    [
      1,
      0
    ],
    [
      1,
      1
    ],
    [
      0,
      0
    ],
    [
      0,
      0
    ],
    [
      0,
      0
    ],
    [
      0,
      0
    ],
    [
      0,
      0
    ],
    [
      0,
      0
    ],
    [
      1,
      0
    ],
    [
      0,
      0
    ],
    [
      0,
      0
    ],
    [
      0,
      0
    ],
    [
      0,
      0
    ],
    [
      0,
      1
    ],
    [
      0,
      0
    ],
    [
      0,
      0
    ],
    [
      0,
      0
    ],
    [
      0,
      0
    ],
    [
      1,
      0
    ],
    [
      0,
      0
    ],
    [
      1,
      0
    ],
    [
      0,
      0
    ],
    [
      0,
      0
    ],
    [
      0,
      1
    ],
    [
      0,
      0
    ],
    [
      0,
      1
    ],
    [
      0,
      0
    ],
    [
      0,
      0
    ],
    [
      0,
      0
    ],
    [
      2,
      0
    ],
    [
      0,
      0
    ],
    [
      1,
      0
    ],
    [
      0,
      0
    ],
    [
      0,
      0
    ],
    [
      0,
      0
    ],
    [
      1,
      0
    ],
    [
      0,
      0
    ],
    [
      0,
      0
    ],
    [
      0,
      0
    ],
    [
      1,
      0
    ],
    [
      3,
      0
    ],
    [
      0,
      0
    ],
    [
      2,
      1
    ],
    [
      0,
      0
    ],
    [
      0,
      0
    ],
    [
      0,
      0
    ],
    [
      0,
      0
    ],
    [
      0,
      0
    ],
    [
      0,
      0
    ],
    [
      0,
      0
    ],
    [
      0,
      0
    ],
    [
      0,
      0
    ],
    [
      0,
      0
    ],
    [
      0,
      0
    ],
    [
      0,
      0
    ],
    [
      0,
      0
    ],
    [
      0,
      0
    ],
    [
      0,
      0
    ],
    [
      0,
      0
    ],
    [
      0,
      0
    ],
    [
      0,
      0
    ],
    [
      0,
      0
    ],
    [
      0,
      0
    ],
    [
      0,
      0
    ],
    [
      0,
      0
    ],
    [
      0,
      0
    ],
    [
      0,
      0
    ],
    [
      0,
      0
    ],
    [
      0,
      0
    ],
    [
      0,
      0
    ],
    [
      0,
      0
    ],
    [
      0,
      0
    ],
    [
      0,
      0
    ],
    [
      0,
      0
    ],
    [
      0,
      0
    ],
    [
      0,
      0
    ],
    [
      0,
      0
    ],
    [
      0,
      0
    ],
    [
      0,
      0
    ],
    [
      0,
      0
    ],
    [
      0,
      0
    ],
    [
      0,
      0
    ],
    [
      0,
      0
    ],
    [
      0,
      0
    ],
    [
      0,
      0
    ],
    [
      0,
      0
    ],
    [
      0,
      0
    ],
    [
      0,
      0
    ],
    [
      0,
      0
    ],
    [
      0,
      0
    ],
    [
      0,
      0
    ],
    [
      0,
      0
    ],
    [
      0,
      0
    ],
    [
      0,
      0
    ],
    [
      0,
      0
    ],
    [
      0,
      0
    ],
    [
      0,
      0
    ]
  ]
}
